Traceback (most recent call last):
  File "C:\Users\wajda\AppData\Local\uv\cache\archive-v0\BsjoGkhMbpP1RLs9\Lib\site-packages\urllib3\connection.py", line 239, in _new_conn
    sock = connection.create_connection(
           ^^^^^^^^^^^^^^^^^^^^^^^^^^^^^
  File "C:\Users\wajda\AppData\Local\uv\cache\archive-v0\BsjoGkhMbpP1RLs9\Lib\site-packages\urllib3\util\connection.py", line 85, in create_connection
    raise err
  File "C:\Users\wajda\AppData\Local\uv\cache\archive-v0\BsjoGkhMbpP1RLs9\Lib\site-packages\urllib3\util\connection.py", line 73, in create_connection
    sock.connect(sa)
ConnectionRefusedError: [WinError 10061] No connection could be made because the target machine actively refused it

The above exception was the direct cause of the following exception:

Traceback (most recent call last):
  File "C:\Users\wajda\AppData\Local\uv\cache\archive-v0\BsjoGkhMbpP1RLs9\Lib\site-packages\urllib3\connectionpool.py", line 793, in urlopen
    response = self._make_request(
               ^^^^^^^^^^^^^^^^^^^
  File "C:\Users\wajda\AppData\Local\uv\cache\archive-v0\BsjoGkhMbpP1RLs9\Lib\site-packages\urllib3\connectionpool.py", line 499, in _make_request
    conn.request(
  File "C:\Users\wajda\AppData\Local\uv\cache\archive-v0\BsjoGkhMbpP1RLs9\Lib\site-packages\urllib3\connection.py", line 567, in request
    self.endheaders()
  File "C:\Program Files\WindowsApps\PythonSoftwareFoundation.Python.3.11_3.11.2544.0_x64__qbz5n2kfra8p0\Lib\http\client.py", line 1298, in endheaders
    self._send_output(message_body, encode_chunked=encode_chunked)
  File "C:\Program Files\WindowsApps\PythonSoftwareFoundation.Python.3.11_3.11.2544.0_x64__qbz5n2kfra8p0\Lib\http\client.py", line 1058, in _send_output
    self.send(msg)
  File "C:\Program Files\WindowsApps\PythonSoftwareFoundation.Python.3.11_3.11.2544.0_x64__qbz5n2kfra8p0\Lib\http\client.py", line 996, in send
    self.connect()
  File "C:\Users\wajda\AppData\Local\uv\cache\archive-v0\BsjoGkhMbpP1RLs9\Lib\site-packages\urllib3\connection.py", line 398, in connect
    self.sock = self._new_conn()
                ^^^^^^^^^^^^^^^^
  File "C:\Users\wajda\AppData\Local\uv\cache\archive-v0\BsjoGkhMbpP1RLs9\Lib\site-packages\urllib3\connection.py", line 254, in _new_conn
    raise NewConnectionError(
urllib3.exceptions.NewConnectionError: HTTPConnection(host='127.0.0.1', port=11434): Failed to establish a new connection: [WinError 10061] No connection could be made because the target machine actively refused it

The above exception was the direct cause of the following exception:

Traceback (most recent call last):
  File "C:\Users\wajda\AppData\Local\uv\cache\archive-v0\BsjoGkhMbpP1RLs9\Lib\site-packages\requests\adapters.py", line 696, in send
    resp = conn.urlopen(
           ^^^^^^^^^^^^^
  File "C:\Users\wajda\AppData\Local\uv\cache\archive-v0\BsjoGkhMbpP1RLs9\Lib\site-packages\urllib3\connectionpool.py", line 847, in urlopen
    retries = retries.increment(
              ^^^^^^^^^^^^^^^^^^
  File "C:\Users\wajda\AppData\Local\uv\cache\archive-v0\BsjoGkhMbpP1RLs9\Lib\site-packages\urllib3\util\retry.py", line 555, in increment
    raise MaxRetryError(_pool, url, reason) from reason  # type: ignore[arg-type]
    ^^^^^^^^^^^^^^^^^^^^^^^^^^^^^^^^^^^^^^^^^^^^^^^^^^^
urllib3.exceptions.MaxRetryError: HTTPConnectionPool(host='127.0.0.1', port=11434): Max retries exceeded with url: /api/tags (Caused by NewConnectionError("HTTPConnection(host='127.0.0.1', port=11434): Failed to establish a new connection: [WinError 10061] No connection could be made because the target machine actively refused it"))

During handling of the above exception, another exception occurred:

Traceback (most recent call last):
  File "D:\9raya\memoire 2026\Privacy-Preserving-CDSS\evaluationbyW\evaluationby5.py", line 440, in <module>
    main()
  File "D:\9raya\memoire 2026\Privacy-Preserving-CDSS\evaluationbyW\evaluationby5.py", line 292, in main
    resume(args.resume, args.bound_tolerance)
  File "D:\9raya\memoire 2026\Privacy-Preserving-CDSS\evaluationbyW\resume_full_workflow.py", line 53, in resume
    tags = requests.get(endpoint + "/api/tags", timeout=10).json()["models"]
           ^^^^^^^^^^^^^^^^^^^^^^^^^^^^^^^^^^^^^^^^^^^^^^^^
  File "C:\Users\wajda\AppData\Local\uv\cache\archive-v0\BsjoGkhMbpP1RLs9\Lib\site-packages\requests\api.py", line 87, in get
    return request("get", url, params=params, **kwargs)
           ^^^^^^^^^^^^^^^^^^^^^^^^^^^^^^^^^^^^^^^^^^^^
  File "C:\Users\wajda\AppData\Local\uv\cache\archive-v0\BsjoGkhMbpP1RLs9\Lib\site-packages\requests\api.py", line 71, in request
    return session.request(method=method, url=url, **kwargs)
           ^^^^^^^^^^^^^^^^^^^^^^^^^^^^^^^^^^^^^^^^^^^^^^^^^
  File "C:\Users\wajda\AppData\Local\uv\cache\archive-v0\BsjoGkhMbpP1RLs9\Lib\site-packages\requests\sessions.py", line 651, in request
    resp = self.send(prep, **send_kwargs)
           ^^^^^^^^^^^^^^^^^^^^^^^^^^^^^^
  File "C:\Users\wajda\AppData\Local\uv\cache\archive-v0\BsjoGkhMbpP1RLs9\Lib\site-packages\requests\sessions.py", line 784, in send
    r = adapter.send(request, **kwargs)
        ^^^^^^^^^^^^^^^^^^^^^^^^^^^^^^^
  File "C:\Users\wajda\AppData\Local\uv\cache\archive-v0\BsjoGkhMbpP1RLs9\Lib\site-packages\requests\adapters.py", line 729, in send
    raise ConnectionError(e, request=request)
requests.exceptions.ConnectionError: HTTPConnectionPool(host='127.0.0.1', port=11434): Max retries exceeded with url: /api/tags (Caused by NewConnectionError("HTTPConnection(host='127.0.0.1', port=11434): Failed to establish a new connection: [WinError 10061] No connection could be made because the target machine actively refused it"))
